c:\vs_code_projects\src\_cg_labs_meshpipeline\src\meshletrender\obj\x64\debug\d3d12meshletrender.pch
c:\vs_code_projects\src\_cg_labs_meshpipeline\src\meshletrender\obj\x64\debug\vc142.pdb
c:\vs_code_projects\src\_cg_labs_meshpipeline\src\meshletrender\obj\x64\debug\vc142.idb
c:\vs_code_projects\src\_cg_labs_meshpipeline\src\meshletrender\obj\x64\debug\stdafx.obj
c:\vs_code_projects\src\_cg_labs_meshpipeline\src\meshletrender\obj\x64\debug\win32application.obj
c:\vs_code_projects\src\_cg_labs_meshpipeline\src\meshletrender\obj\x64\debug\simplecamera.obj
c:\vs_code_projects\src\_cg_labs_meshpipeline\src\meshletrender\obj\x64\debug\model.obj
c:\vs_code_projects\src\_cg_labs_meshpipeline\src\meshletrender\obj\x64\debug\main.obj
c:\vs_code_projects\src\_cg_labs_meshpipeline\src\meshletrender\obj\x64\debug\dxsample.obj
c:\vs_code_projects\src\_cg_labs_meshpipeline\src\meshletrender\obj\x64\debug\d3d12meshletrender.obj
c:\vs_code_projects\src\_cg_labs_meshpipeline\src\meshletrender\obj\x64\debug\ddstextureloader12.obj
c:\vs_code_projects\src\_cg_labs_meshpipeline\src\meshletrender\bin\x64\debug\meshletms.cso
c:\vs_code_projects\src\_cg_labs_meshpipeline\src\meshletrender\bin\x64\debug\meshletps.cso
c:\vs_code_projects\src\_cg_labs_meshpipeline\src\meshletrender\bin\x64\debug\d3d12meshletrender.lib
c:\vs_code_projects\src\_cg_labs_meshpipeline\src\meshletrender\bin\x64\debug\d3d12meshletrender.exp
c:\vs_code_projects\src\_cg_labs_meshpipeline\src\meshletrender\bin\x64\debug\d3d12meshletrender.exe
c:\vs_code_projects\src\_cg_labs_meshpipeline\src\meshletrender\obj\x64\debug\d3d12meshletrender.ilk
c:\vs_code_projects\src\_cg_labs_meshpipeline\src\meshletrender\bin\x64\debug\d3d12meshletrender.pdb
c:\vs_code_projects\src\_cg_labs_meshpipeline\src\meshletrender\obj\x64\debug\d3d12mes.decd10d0.tlog\cl.command.1.tlog
c:\vs_code_projects\src\_cg_labs_meshpipeline\src\meshletrender\obj\x64\debug\d3d12mes.decd10d0.tlog\cl.read.1.tlog
c:\vs_code_projects\src\_cg_labs_meshpipeline\src\meshletrender\obj\x64\debug\d3d12mes.decd10d0.tlog\cl.write.1.tlog
c:\vs_code_projects\src\_cg_labs_meshpipeline\src\meshletrender\obj\x64\debug\d3d12mes.decd10d0.tlog\custombuild.command.1.tlog
c:\vs_code_projects\src\_cg_labs_meshpipeline\src\meshletrender\obj\x64\debug\d3d12mes.decd10d0.tlog\custombuild.read.1.tlog
c:\vs_code_projects\src\_cg_labs_meshpipeline\src\meshletrender\obj\x64\debug\d3d12mes.decd10d0.tlog\custombuild.write.1.tlog
c:\vs_code_projects\src\_cg_labs_meshpipeline\src\meshletrender\obj\x64\debug\d3d12mes.decd10d0.tlog\d3d12meshletrender.write.1u.tlog
c:\vs_code_projects\src\_cg_labs_meshpipeline\src\meshletrender\obj\x64\debug\d3d12mes.decd10d0.tlog\link.command.1.tlog
c:\vs_code_projects\src\_cg_labs_meshpipeline\src\meshletrender\obj\x64\debug\d3d12mes.decd10d0.tlog\link.read.1.tlog
c:\vs_code_projects\src\_cg_labs_meshpipeline\src\meshletrender\obj\x64\debug\d3d12mes.decd10d0.tlog\link.write.1.tlog
