c:\vs_code_projects\src\_cg_labs_deffered_taa\shapes\shapes\x64\debug\vc143.pdb
c:\vs_code_projects\src\_cg_labs_deffered_taa\shapes\shapes\x64\debug\vc143.idb
c:\vs_code_projects\src\_cg_labs_deffered_taa\shapes\shapes\x64\debug\terrainquadtree.obj
c:\vs_code_projects\src\_cg_labs_deffered_taa\shapes\shapes\x64\debug\terrainmesh.obj
c:\vs_code_projects\src\_cg_labs_deffered_taa\shapes\shapes\x64\debug\shapesapp.obj
c:\vs_code_projects\src\_cg_labs_deffered_taa\shapes\shapes\x64\debug\frameresource.obj
c:\vs_code_projects\src\_cg_labs_deffered_taa\shapes\shapes\x64\debug\mathhelper.obj
c:\vs_code_projects\src\_cg_labs_deffered_taa\shapes\shapes\x64\debug\imgui_widgets.obj
c:\vs_code_projects\src\_cg_labs_deffered_taa\shapes\shapes\x64\debug\imgui_tables.obj
c:\vs_code_projects\src\_cg_labs_deffered_taa\shapes\shapes\x64\debug\imgui_draw.obj
c:\vs_code_projects\src\_cg_labs_deffered_taa\shapes\shapes\x64\debug\imgui_demo.obj
c:\vs_code_projects\src\_cg_labs_deffered_taa\shapes\shapes\x64\debug\imgui.obj
c:\vs_code_projects\src\_cg_labs_deffered_taa\shapes\shapes\x64\debug\imgui_impl_win32.obj
c:\vs_code_projects\src\_cg_labs_deffered_taa\shapes\shapes\x64\debug\imgui_impl_dx9.obj
c:\vs_code_projects\src\_cg_labs_deffered_taa\shapes\shapes\x64\debug\imgui_impl_dx12.obj
c:\vs_code_projects\src\_cg_labs_deffered_taa\shapes\shapes\x64\debug\imgui_impl_dx11.obj
c:\vs_code_projects\src\_cg_labs_deffered_taa\shapes\shapes\x64\debug\imgui_impl_dx10.obj
c:\vs_code_projects\src\_cg_labs_deffered_taa\shapes\shapes\x64\debug\geometrygenerator.obj
c:\vs_code_projects\src\_cg_labs_deffered_taa\shapes\shapes\x64\debug\gametimer.obj
c:\vs_code_projects\src\_cg_labs_deffered_taa\shapes\shapes\x64\debug\ddstextureloader.obj
c:\vs_code_projects\src\_cg_labs_deffered_taa\shapes\shapes\x64\debug\d3dutil.obj
c:\vs_code_projects\src\_cg_labs_deffered_taa\shapes\shapes\x64\debug\d3dapp.obj
c:\vs_code_projects\src\_cg_labs_deffered_taa\shapes\shapes\x64\debug\terrainsystem.obj
c:\vs_code_projects\src\_cg_labs_deffered_taa\shapes\shapes\x64\debug\terrainrenderer.obj
c:\vs_code_projects\src\_cg_labs_deffered_terrain\shapes\x64\debug\shapes.exe
c:\vs_code_projects\src\_cg_labs_deffered_terrain\shapes\x64\debug\shapes.pdb
c:\vs_code_projects\src\_cg_labs_deffered_taa\shapes\x64\debug\shapes.exe
c:\vs_code_projects\src\_cg_labs_deffered_taa\shapes\x64\debug\shapes.pdb
c:\vs_code_projects\src\_cg_labs_deffered_taa\shapes\shapes\x64\debug\shapes.ilk
c:\vs_code_projects\src\_cg_labs_deffered_taa\shapes\shapes\x64\debug\shapes.tlog\cl.command.1.tlog
c:\vs_code_projects\src\_cg_labs_deffered_taa\shapes\shapes\x64\debug\shapes.tlog\cl.items.tlog
c:\vs_code_projects\src\_cg_labs_deffered_taa\shapes\shapes\x64\debug\shapes.tlog\cl.read.1.tlog
c:\vs_code_projects\src\_cg_labs_deffered_taa\shapes\shapes\x64\debug\shapes.tlog\cl.write.1.tlog
c:\vs_code_projects\src\_cg_labs_deffered_taa\shapes\shapes\x64\debug\shapes.tlog\link.command.1.tlog
c:\vs_code_projects\src\_cg_labs_deffered_taa\shapes\shapes\x64\debug\shapes.tlog\link.read.1.tlog
c:\vs_code_projects\src\_cg_labs_deffered_taa\shapes\shapes\x64\debug\shapes.tlog\link.secondary.1.tlog
c:\vs_code_projects\src\_cg_labs_deffered_taa\shapes\shapes\x64\debug\shapes.tlog\link.write.1.tlog
